--- Executing blocking command at Fri Aug  7 19:27:46 2026 ---
> call "C:\Users\parth\.eigent\user_42798\spaces\space_66dc4a6f287b43d5ac3a930f9164b4a6\projects\1786089108750-6977\runs\1786094778279-5632\single_agent\.venv\Scripts\activate.bat" && git -C C:\Users\parth\OneDrive - Monash University\Personal\Projects\SkyWardrobe\SkyWardrobe-Web status
--- Output ---
unknown option: -
usage: git [-v | --version] [-h | --help] [-C <path>] [-c <name>=<value>]
           [--exec-path[=<path>]] [--html-path] [--man-path] [--info-path]
           [-p | --paginate | -P | --no-pager] [--no-replace-objects] [--no-lazy-fetch]
           [--no-optional-locks] [--no-advice] [--bare] [--git-dir=<path>]
           [--work-tree=<path>] [--namespace=<name>] [--config-env=<name>=<envvar>]
           <command> [<args>]



--- Executing blocking command at Fri Aug  7 19:28:02 2026 ---
> call "C:\Users\parth\.eigent\user_42798\spaces\space_66dc4a6f287b43d5ac3a930f9164b4a6\projects\1786089108750-6977\runs\1786094778279-5632\single_agent\.venv\Scripts\activate.bat" && cd "C:\Users\parth\OneDrive - Monash University\Personal\Projects\SkyWardrobe\SkyWardrobe-Web" && git checkout -- .
--- Output ---



--- Executing blocking command at Fri Aug  7 19:28:22 2026 ---
> call "C:\Users\parth\.eigent\user_42798\spaces\space_66dc4a6f287b43d5ac3a930f9164b4a6\projects\1786089108750-6977\runs\1786094778279-5632\single_agent\.venv\Scripts\activate.bat" && git -C "C:\Users\parth\OneDrive - Monash University\Personal\Projects\SkyWardrobe\SkyWardrobe-Web" status
--- Output ---
On branch main
Your branch is up to date with 'origin/main'.

Untracked files:
  (use "git add <file>..." to include in what will be committed)
	.todo.json
	terminal_logs/
	todo.md
	www/index.html.20260807_181244.bak

nothing added to commit but untracked files present (use "git add" to track)



